CCS PCM C Compiler, Version 5.008, 5967               03-jul-14 02:24

               Filename:   D:\IGNACIO\ProgramacionGitHub\SistemasEmbebidos2014-I\PicC\16f877a\Oscilador_F\Oscilador.lst

               ROM used:   58 words (1%)
                           Largest free fragment is 2048
               RAM used:   6 (2%) at main() level
                           7 (2%) worst case
               Stack used: 1 locations
               Stack size: 8

*
0000:  MOVLW  00
0001:  MOVWF  0A
0002:  GOTO   019
0003:  NOP
.................... #include <16f877a.h> 
.................... //////// Standard Header file for the PIC16F877A device //////////////// 
.................... #device PIC16F877A 
....................  
.................... #list 
....................  
.................... //#device ICD=TRUE 
.................... #fuses HS,NOWDT,NOPROTECT,NOLVP  
.................... #use delay(clock=10000000)   
0004:  MOVLW  22
0005:  MOVWF  04
0006:  BCF    03.7
0007:  MOVF   00,W
0008:  BTFSC  03.2
0009:  GOTO   018
000A:  MOVLW  03
000B:  MOVWF  78
000C:  CLRF   77
000D:  DECFSZ 77,F
000E:  GOTO   00D
000F:  DECFSZ 78,F
0010:  GOTO   00C
0011:  MOVLW  3C
0012:  MOVWF  77
0013:  DECFSZ 77,F
0014:  GOTO   013
0015:  GOTO   016
0016:  DECFSZ 00,F
0017:  GOTO   00A
0018:  RETURN
.................... #use FAST_IO(D)  
....................  
.................... void main() 
0019:  MOVF   03,W
001A:  ANDLW  1F
001B:  MOVWF  03
001C:  BSF    03.5
001D:  BSF    1F.0
001E:  BSF    1F.1
001F:  BSF    1F.2
0020:  BCF    1F.3
0021:  MOVLW  07
0022:  MOVWF  1C
0023:  BCF    03.7
.................... { 
....................    SET_TRIS_D(0x00); 
0024:  MOVLW  00
0025:  MOVWF  08
....................    OUTPUT_D(0x00); 
0026:  BCF    03.5
0027:  CLRF   08
....................    while(TRUE) 
....................    { 
....................       output_high(PIN_D0); 
0028:  BSF    08.0
....................       delay_ms(600); 
0029:  MOVLW  03
002A:  MOVWF  21
002B:  MOVLW  C8
002C:  MOVWF  22
002D:  CALL   004
002E:  DECFSZ 21,F
002F:  GOTO   02B
....................       output_low(PIN_D0); 
0030:  BCF    08.0
....................       delay_ms(300); 
0031:  MOVLW  02
0032:  MOVWF  21
0033:  MOVLW  96
0034:  MOVWF  22
0035:  CALL   004
0036:  DECFSZ 21,F
0037:  GOTO   033
0038:  GOTO   028
....................    } 
....................  
.................... } 
0039:  SLEEP

Configuration Fuses:
   Word  1: 3F72   HS NOWDT PUT BROWNOUT NOLVP NOCPD NOWRT NODEBUG NOPROTECT
